// Jest Snapshot v1, https://goo.gl/fbAQLP

exports[`renders the list of all rules 1`] = `
<DocumentFragment>
  <div
    class="makeStyles-root-1"
  >
    <div
      class="makeStyles-searchBar-3"
    >
      <div
        class="MuiContainer-root MuiContainer-maxWidthMd"
      >
        <div
          class="MuiGrid-root MuiGrid-container MuiGrid-spacing-xs-3"
        >
          <div
            class="MuiGrid-root MuiGrid-item MuiGrid-grid-xs-12"
          >
            <h4
              class="MuiTypography-root MuiTypography-h4"
            >
              Search Rule Specifications
            </h4>
          </div>
          <div
            class="MuiGrid-root MuiGrid-item MuiGrid-grid-xs-12"
          >
            <div
              class="MuiFormControl-root MuiTextField-root MuiFormControl-marginNormal MuiFormControl-fullWidth"
            >
              <label
                class="MuiFormLabel-root MuiInputLabel-root MuiInputLabel-formControl MuiInputLabel-animated MuiInputLabel-shrink MuiInputLabel-outlined"
                data-shrink="true"
                for="title-query"
                id="title-query-label"
              >
                Rule Title and Description
              </label>
              <div
                class="MuiInputBase-root MuiOutlinedInput-root MuiInputBase-fullWidth MuiInputBase-formControl"
              >
                <input
                  aria-invalid="false"
                  class="MuiInputBase-input MuiOutlinedInput-input"
                  id="title-query"
                  placeholder="Search in rule titles and descriptions"
                  type="text"
                  value=""
                />
                <fieldset
                  aria-hidden="true"
                  class="PrivateNotchedOutline-root-7 MuiOutlinedInput-notchedOutline"
                >
                  <legend
                    class="PrivateNotchedOutline-legendLabelled-9 PrivateNotchedOutline-legendNotched-10"
                  >
                    <span>
                      Rule Title and Description
                    </span>
                  </legend>
                </fieldset>
              </div>
            </div>
          </div>
          <div
            class="MuiGrid-root MuiGrid-item MuiGrid-grid-xs-3"
          >
            <div
              class="MuiFormControl-root MuiTextField-root MuiFormControl-marginNormal MuiFormControl-fullWidth"
            >
              <label
                class="MuiFormLabel-root MuiInputLabel-root MuiInputLabel-formControl MuiInputLabel-animated MuiInputLabel-shrink MuiInputLabel-outlined MuiFormLabel-filled"
                data-shrink="true"
              >
                Rule type
              </label>
              <div
                class="MuiInputBase-root MuiOutlinedInput-root MuiInputBase-fullWidth MuiInputBase-formControl"
              >
                <div
                  aria-haspopup="listbox"
                  class="MuiSelect-root MuiSelect-select MuiSelect-selectMenu MuiSelect-outlined MuiInputBase-input MuiOutlinedInput-input"
                  role="button"
                  tabindex="0"
                >
                  Any
                </div>
                <input
                  aria-hidden="true"
                  class="MuiSelect-nativeInput"
                  tabindex="-1"
                  value="ANY"
                />
                <svg
                  aria-hidden="true"
                  class="MuiSvgIcon-root MuiSelect-icon MuiSelect-iconOutlined"
                  focusable="false"
                  viewBox="0 0 24 24"
                >
                  <path
                    d="M7 10l5 5 5-5z"
                  />
                </svg>
                <fieldset
                  aria-hidden="true"
                  class="PrivateNotchedOutline-root-7 MuiOutlinedInput-notchedOutline"
                >
                  <legend
                    class="PrivateNotchedOutline-legendLabelled-9 PrivateNotchedOutline-legendNotched-10"
                  >
                    <span>
                      Rule type
                    </span>
                  </legend>
                </fieldset>
              </div>
            </div>
          </div>
          <div
            class="MuiGrid-root MuiGrid-item MuiGrid-grid-xs-5"
          >
            <div
              class="MuiFormControl-root MuiTextField-root MuiFormControl-marginNormal MuiFormControl-fullWidth"
            >
              <label
                class="MuiFormLabel-root MuiInputLabel-root MuiInputLabel-formControl MuiInputLabel-animated MuiInputLabel-outlined"
                data-shrink="false"
              >
                Rule Tags
              </label>
              <div
                class="MuiInputBase-root MuiOutlinedInput-root MuiInputBase-fullWidth MuiInputBase-formControl"
              >
                <div
                  aria-haspopup="listbox"
                  class="MuiSelect-root MuiSelect-select MuiSelect-selectMenu MuiSelect-outlined MuiInputBase-input MuiOutlinedInput-input"
                  role="button"
                  tabindex="0"
                >
                  <span>
                    ​
                  </span>
                </div>
                <input
                  aria-hidden="true"
                  class="MuiSelect-nativeInput"
                  tabindex="-1"
                  value=""
                />
                <svg
                  aria-hidden="true"
                  class="MuiSvgIcon-root MuiSelect-icon MuiSelect-iconOutlined"
                  focusable="false"
                  viewBox="0 0 24 24"
                >
                  <path
                    d="M7 10l5 5 5-5z"
                  />
                </svg>
                <fieldset
                  aria-hidden="true"
                  class="PrivateNotchedOutline-root-7 MuiOutlinedInput-notchedOutline"
                >
                  <legend
                    class="PrivateNotchedOutline-legendLabelled-9"
                  >
                    <span>
                      Rule Tags
                    </span>
                  </legend>
                </fieldset>
              </div>
            </div>
          </div>
          <div
            class="MuiGrid-root MuiGrid-item MuiGrid-grid-xs-4"
          >
            <div
              class="MuiFormControl-root MuiTextField-root MuiFormControl-marginNormal MuiFormControl-fullWidth"
            >
              <label
                class="MuiFormLabel-root MuiInputLabel-root MuiInputLabel-formControl MuiInputLabel-animated MuiInputLabel-shrink MuiInputLabel-outlined MuiFormLabel-filled"
                data-shrink="true"
              >
                Language
              </label>
              <div
                class="MuiInputBase-root MuiOutlinedInput-root MuiInputBase-fullWidth MuiInputBase-formControl"
              >
                <div
                  aria-haspopup="listbox"
                  class="MuiSelect-root MuiSelect-select MuiSelect-selectMenu MuiSelect-outlined MuiInputBase-input MuiOutlinedInput-input"
                  role="button"
                  tabindex="0"
                >
                  Any
                </div>
                <input
                  aria-hidden="true"
                  class="MuiSelect-nativeInput"
                  tabindex="-1"
                  value="ANY"
                />
                <svg
                  aria-hidden="true"
                  class="MuiSvgIcon-root MuiSelect-icon MuiSelect-iconOutlined"
                  focusable="false"
                  viewBox="0 0 24 24"
                >
                  <path
                    d="M7 10l5 5 5-5z"
                  />
                </svg>
                <fieldset
                  aria-hidden="true"
                  class="PrivateNotchedOutline-root-7 MuiOutlinedInput-notchedOutline"
                >
                  <legend
                    class="PrivateNotchedOutline-legendLabelled-9 PrivateNotchedOutline-legendNotched-10"
                  >
                    <span>
                      Language
                    </span>
                  </legend>
                </fieldset>
              </div>
            </div>
          </div>
          <div
            class="MuiGrid-root MuiGrid-item MuiGrid-grid-xs-12"
          >
            <div
              class="MuiFormControl-root MuiTextField-root MuiFormControl-marginNormal MuiFormControl-fullWidth"
            >
              <label
                class="MuiFormLabel-root MuiInputLabel-root MuiInputLabel-formControl MuiInputLabel-animated MuiInputLabel-outlined"
                data-shrink="false"
              >
                Default Quality Profiles
              </label>
              <div
                class="MuiInputBase-root MuiOutlinedInput-root MuiInputBase-fullWidth MuiInputBase-formControl"
              >
                <div
                  aria-haspopup="listbox"
                  class="MuiSelect-root MuiSelect-select MuiSelect-selectMenu MuiSelect-outlined MuiInputBase-input MuiOutlinedInput-input"
                  role="button"
                  tabindex="0"
                >
                  <span>
                    ​
                  </span>
                </div>
                <input
                  aria-hidden="true"
                  class="MuiSelect-nativeInput"
                  tabindex="-1"
                  value=""
                />
                <svg
                  aria-hidden="true"
                  class="MuiSvgIcon-root MuiSelect-icon MuiSelect-iconOutlined"
                  focusable="false"
                  viewBox="0 0 24 24"
                >
                  <path
                    d="M7 10l5 5 5-5z"
                  />
                </svg>
                <fieldset
                  aria-hidden="true"
                  class="PrivateNotchedOutline-root-7 MuiOutlinedInput-notchedOutline"
                >
                  <legend
                    class="PrivateNotchedOutline-legendLabelled-9"
                  >
                    <span>
                      Default Quality Profiles
                    </span>
                  </legend>
                </fieldset>
              </div>
            </div>
          </div>
        </div>
      </div>
    </div>
    <div
      class="makeStyles-searchResults-4"
    >
      <div
        class="MuiContainer-root MuiContainer-maxWidthMd"
      >
        <div
          class="MuiGrid-root MuiGrid-container MuiGrid-spacing-xs-3"
        >
          <div
            class="MuiGrid-root MuiGrid-item MuiGrid-grid-xs-12"
          >
            <div
              class="MuiBox-root MuiBox-root-11 makeStyles-topRow-5"
            >
              <div
                class="MuiBox-root MuiBox-root-12 makeStyles-resultsCount-6"
              >
                <h6
                  class="MuiTypography-root MuiTypography-subtitle1"
                >
                  Number of rules found: 3
                </h6>
              </div>
            </div>
            <div
              class="MuiBox-root MuiBox-root-13 makeStyles-searchHitBox-2"
            >
              <div
                class="MuiPaper-root MuiCard-root makeStyles-searchHit-14 MuiPaper-outlined MuiPaper-rounded"
              >
                <div
                  class="MuiCardContent-root"
                >
                  <h5
                    class="MuiTypography-root makeStyles-ruleid-15 MuiTypography-h5 MuiTypography-gutterBottom"
                  >
                    <a
                      class="MuiTypography-root MuiLink-root MuiLink-underlineHover MuiTypography-colorPrimary"
                      href="/S1000"
                    >
                      <div>
                         Rule S1000 
                      </div>
                    </a>
                  </h5>
                  <p
                    class="MuiTypography-root MuiTypography-body1 MuiTypography-gutterBottom"
                  >
                    Header files should not contain unnamed namespaces
                  </p>
                  <div
                    class="MuiTypography-root makeStyles-language-16 MuiTypography-body2"
                  >
                    <div
                      class="MuiChip-root makeStyles-targetedMarker-20 MuiChip-colorSecondary MuiChip-outlined MuiChip-outlinedSecondary"
                    >
                      <span
                        class="MuiChip-label"
                      >
                        Targeted
                      </span>
                    </div>
                    <a
                      class="MuiTypography-root MuiLink-root MuiLink-underlineHover MuiTypography-colorPrimary"
                      href="/S1000/cfamily"
                      style="text-decoration: none;"
                    >
                      <div
                        class="MuiButtonBase-root MuiChip-root makeStyles-targetedLanguageChip-18 MuiChip-colorPrimary MuiChip-clickableColorPrimary MuiChip-clickable"
                        role="button"
                        tabindex="0"
                      >
                        <span
                          class="MuiChip-label"
                        >
                          cfamily
                        </span>
                        <span
                          class="MuiTouchRipple-root"
                        />
                      </div>
                    </a>
                  </div>
                </div>
              </div>
            </div>
            <div
              class="MuiBox-root MuiBox-root-23 makeStyles-searchHitBox-2"
            >
              <div
                class="MuiPaper-root MuiCard-root makeStyles-searchHit-14 MuiPaper-outlined MuiPaper-rounded"
              >
                <div
                  class="MuiCardContent-root"
                >
                  <h5
                    class="MuiTypography-root makeStyles-ruleid-15 MuiTypography-h5 MuiTypography-gutterBottom"
                  >
                    <a
                      class="MuiTypography-root MuiLink-root MuiLink-underlineHover MuiTypography-colorPrimary"
                      href="/S3457"
                    >
                      <div>
                         Rule S3457 
                      </div>
                    </a>
                  </h5>
                  <p
                    class="MuiTypography-root MuiTypography-body1 MuiTypography-gutterBottom"
                  >
                    Composite format strings should be used correctly
                  </p>
                  <p
                    class="MuiTypography-root MuiTypography-body1 MuiTypography-gutterBottom"
                  >
                    Printf-style format strings should be used correctly
                  </p>
                  <p
                    class="MuiTypography-root MuiTypography-body1 MuiTypography-gutterBottom"
                  >
                    String formatting should be used correctly
                  </p>
                  <div
                    class="MuiTypography-root makeStyles-language-16 MuiTypography-body2"
                  >
                    <div
                      class="MuiChip-root makeStyles-targetedMarker-20 MuiChip-colorSecondary MuiChip-outlined MuiChip-outlinedSecondary"
                    >
                      <span
                        class="MuiChip-label"
                      >
                        Targeted
                      </span>
                    </div>
                    <a
                      class="MuiTypography-root MuiLink-root MuiLink-underlineHover MuiTypography-colorPrimary"
                      href="/S3457/cfamily"
                      style="text-decoration: none;"
                    >
                      <div
                        class="MuiButtonBase-root MuiChip-root makeStyles-targetedLanguageChip-18 MuiChip-colorPrimary MuiChip-clickableColorPrimary MuiChip-clickable"
                        role="button"
                        tabindex="0"
                      >
                        <span
                          class="MuiChip-label"
                        >
                          cfamily
                        </span>
                        <span
                          class="MuiTouchRipple-root"
                        />
                      </div>
                    </a>
                    <a
                      class="MuiTypography-root MuiLink-root MuiLink-underlineHover MuiTypography-colorPrimary"
                      href="/S3457/csharp"
                      style="text-decoration: none;"
                    >
                      <div
                        class="MuiButtonBase-root MuiChip-root makeStyles-targetedLanguageChip-18 MuiChip-colorPrimary MuiChip-clickableColorPrimary MuiChip-clickable"
                        role="button"
                        tabindex="0"
                      >
                        <span
                          class="MuiChip-label"
                        >
                          csharp
                        </span>
                        <span
                          class="MuiTouchRipple-root"
                        />
                      </div>
                    </a>
                    <a
                      class="MuiTypography-root MuiLink-root MuiLink-underlineHover MuiTypography-colorPrimary"
                      href="/S3457/java"
                      style="text-decoration: none;"
                    >
                      <div
                        class="MuiButtonBase-root MuiChip-root makeStyles-targetedLanguageChip-18 MuiChip-colorPrimary MuiChip-clickableColorPrimary MuiChip-clickable"
                        role="button"
                        tabindex="0"
                      >
                        <span
                          class="MuiChip-label"
                        >
                          java
                        </span>
                        <span
                          class="MuiTouchRipple-root"
                        />
                      </div>
                    </a>
                    <a
                      class="MuiTypography-root MuiLink-root MuiLink-underlineHover MuiTypography-colorPrimary"
                      href="/S3457/python"
                      style="text-decoration: none;"
                    >
                      <div
                        class="MuiButtonBase-root MuiChip-root makeStyles-targetedLanguageChip-18 MuiChip-colorPrimary MuiChip-clickableColorPrimary MuiChip-clickable"
                        role="button"
                        tabindex="0"
                      >
                        <span
                          class="MuiChip-label"
                        >
                          python
                        </span>
                        <span
                          class="MuiTouchRipple-root"
                        />
                      </div>
                    </a>
                  </div>
                </div>
              </div>
            </div>
            <div
              class="MuiBox-root MuiBox-root-24 makeStyles-searchHitBox-2"
            >
              <div
                class="MuiPaper-root MuiCard-root makeStyles-searchHit-14 MuiPaper-outlined MuiPaper-rounded"
              >
                <div
                  class="MuiCardContent-root"
                >
                  <h5
                    class="MuiTypography-root makeStyles-ruleid-15 MuiTypography-h5 MuiTypography-gutterBottom"
                  >
                    <a
                      class="MuiTypography-root MuiLink-root MuiLink-underlineHover MuiTypography-colorPrimary"
                      href="/S987"
                    >
                      <div>
                         Rule S987 
                      </div>
                    </a>
                  </h5>
                  <p
                    class="MuiTypography-root MuiTypography-body1 MuiTypography-gutterBottom"
                  >
                    "&lt;signal.h&gt;" should not be used
                  </p>
                  <div
                    class="MuiTypography-root makeStyles-language-16 MuiTypography-body2"
                  >
                    <div
                      class="MuiChip-root makeStyles-targetedMarker-20 MuiChip-colorSecondary MuiChip-outlined MuiChip-outlinedSecondary"
                    >
                      <span
                        class="MuiChip-label"
                      >
                        Targeted
                      </span>
                    </div>
                    <a
                      class="MuiTypography-root MuiLink-root MuiLink-underlineHover MuiTypography-colorPrimary"
                      href="/S987/cfamily"
                      style="text-decoration: none;"
                    >
                      <div
                        class="MuiButtonBase-root MuiChip-root makeStyles-targetedLanguageChip-18 MuiChip-colorPrimary MuiChip-clickableColorPrimary MuiChip-clickable"
                        role="button"
                        tabindex="0"
                      >
                        <span
                          class="MuiChip-label"
                        >
                          cfamily
                        </span>
                        <span
                          class="MuiTouchRipple-root"
                        />
                      </div>
                    </a>
                  </div>
                </div>
              </div>
            </div>
            <nav
              aria-label="pagination navigation"
              class="MuiPagination-root"
            >
              <ul
                class="MuiPagination-ul"
              >
                <li>
                  <button
                    aria-label="Go to previous page"
                    class="MuiButtonBase-root MuiPaginationItem-root MuiPaginationItem-page Mui-disabled Mui-disabled"
                    disabled=""
                    tabindex="-1"
                    type="button"
                  >
                    <svg
                      aria-hidden="true"
                      class="MuiSvgIcon-root MuiPaginationItem-icon"
                      focusable="false"
                      viewBox="0 0 24 24"
                    >
                      <path
                        d="M15.41 7.41L14 6l-6 6 6 6 1.41-1.41L10.83 12z"
                      />
                    </svg>
                  </button>
                </li>
                <li>
                  <button
                    aria-current="true"
                    aria-label="page 1"
                    class="MuiButtonBase-root MuiPaginationItem-root MuiPaginationItem-page Mui-selected"
                    tabindex="0"
                    type="button"
                  >
                    1
                    <span
                      class="MuiTouchRipple-root"
                    />
                  </button>
                </li>
                <li>
                  <button
                    aria-label="Go to next page"
                    class="MuiButtonBase-root MuiPaginationItem-root MuiPaginationItem-page Mui-disabled Mui-disabled"
                    disabled=""
                    tabindex="-1"
                    type="button"
                  >
                    <svg
                      aria-hidden="true"
                      class="MuiSvgIcon-root MuiPaginationItem-icon"
                      focusable="false"
                      viewBox="0 0 24 24"
                    >
                      <path
                        d="M10 6L8.59 7.41 13.17 12l-4.58 4.59L10 18l6-6z"
                      />
                    </svg>
                  </button>
                </li>
              </ul>
            </nav>
          </div>
        </div>
      </div>
    </div>
  </div>
</DocumentFragment>
`;
